(((((t24:1.620540,(t45:0.900300,t46:0.900300)[&map_age=0.900300]:0.720240)[&map_age=1.620540]:1.320440,(t27:1.050350,t28:1.050350)[&map_age=1.050350]:1.890630)[&map_age=2.940980]:24.068023,((((((((((t95:0.630210,t96:0.630210)[&map_age=0.630210]:1.890630,t39:2.520840)[&map_age=2.520840]:4.051350,(((t84:0.960320,t85:0.960320)[&map_age=0.960320]:2.160720,t29:3.121040)[&map_age=3.121040]:2.550850,((t56:1.530510,(t78:0.630210,t79:0.630210)[&map_age=0.630210]:0.900300)[&map_age=1.530510]:2.970990,(t21:3.901300,t22:3.901300)[&map_age=3.901300]:0.600200)[&map_age=4.501501]:1.170390)[&map_age=5.671891]:0.900300)[&map_age=6.572191]:1.230410,(t48:1.650550,t49:1.650550)[&map_age=1.650550]:6.152051)[&map_age=7.802601]:6.602201,(((((t59:0.960320,t60:0.960320)[&map_age=0.960320]:2.850950,(t38:2.460820,(t43:1.440480,t44:1.440480)[&map_age=1.440480]:1.020340)[&map_age=2.460820]:1.350450)[&map_age=3.811270]:5.461821,((((t12:1.380460,t13:1.380460)[&map_age=1.380460]:4.951651,(t37:2.610870,(t40:0.990330,t41:0.990330)[&map_age=0.990330]:1.620540)[&map_age=2.610870]:3.721240)[&map_age=6.332111]:1.320440,t11:7.652551)[&map_age=7.652551]:0.780260,t6:8.432811)[&map_age=8.432811]:0.840280)[&map_age=9.273091]:0.750250,(t34:2.670890,t35:2.670890)[&map_age=2.670890]:7.352451)[&map_age=10.023341]:2.970990,(((t33:1.380460,(t80:0.600200,t81:0.600200)[&map_age=0.600200]:0.780260)[&map_age=1.380460]:2.040680,((t4:1.590530,t16:1.590530)[&map_age=1.590530]:0.600200,t3:2.190730)[&map_age=2.190730]:1.230410)[&map_age=3.421140]:8.912971,(t47:2.190730,(t63:1.200400,t64:1.200400)[&map_age=1.200400]:0.990330)[&map_age=2.190730]:10.143381)[&map_age=12.334111]:0.660220)[&map_age=12.994331]:1.410470)[&map_age=14.404802]:1.050350,(t2:5.371791,((((t88:0.810270,(t99:0.420140,t100:0.420140)[&map_age=0.420140]:0.390130)[&map_age=0.810270]:0.660220,t55:1.470490)[&map_age=1.470490]:1.920640,((t30:1.080360,t31:1.080360)[&map_age=1.080360]:1.440480,((t93:0.540180,t94:0.540180)[&map_age=0.540180]:0.660220,t50:1.200400)[&map_age=1.200400]:1.320440)[&map_age=2.520840]:0.870290)[&map_age=3.391130]:1.080360,(t26:3.691230,t23:3.691230)[&map_age=3.691230]:0.780260)[&map_age=4.471490]:0.900300)[&map_age=5.371791]:10.083361)[&map_age=15.455152]:1.920640,(t76:1.080360,t77:1.080360)[&map_age=1.080360]:16.295432)[&map_age=17.375792]:0.450150,((((t89:0.870290,t90:0.870290)[&map_age=0.870290]:1.860620,((t82:0.660220,t83:0.660220)[&map_age=0.660220]:0.810270,(t91:0.630210,t92:0.630210)[&map_age=0.630210]:0.840280)[&map_age=1.470490]:1.260420)[&map_age=2.730910]:5.581861,t42:8.312771)[&map_age=8.312771]:1.590530,(((t86:0.600200,t87:0.600200)[&map_age=0.600200]:0.930310,t67:1.530510)[&map_age=1.530510]:6.392131,t7:7.922641)[&map_age=7.922641]:1.980660)[&map_age=9.903301]:7.922641)[&map_age=17.825942]:0.780260,t8:18.606202)[&map_age=18.606202]:7.562521,(((t14:13.624542,(((t61:1.440480,t62:1.440480)[&map_age=1.440480]:1.470490,t36:2.910970)[&map_age=2.910970]:6.482161,((t57:1.500500,t58:1.500500)[&map_age=1.500500]:6.482161,(t65:1.440480,t66:1.440480)[&map_age=1.440480]:6.542181)[&map_age=7.982661]:1.410470)[&map_age=9.393131]:4.231410)[&map_age=13.624542]:2.430810,t9:16.055352)[&map_age=16.055352]:2.040680,t15:18.096032)[&map_age=18.096032]:8.072691)[&map_age=26.168723]:0.840280)[&map_age=27.009003]:17.765922,(((t73:0.810270,(t74:0.420140,t75:0.420140)[&map_age=0.420140]:0.390130)[&map_age=0.810270]:1.620540,t17:2.430810)[&map_age=2.430810]:14.794932,(((t18:5.131711,(((t52:1.170390,t53:1.170390)[&map_age=1.170390]:1.020340,(t70:0.930310,t71:0.930310)[&map_age=0.930310]:1.260420)[&map_age=2.190730]:2.100700,t19:4.291430)[&map_age=4.291430]:0.840280)[&map_age=5.131711]:5.851951,(t97:1.170390,t98:1.170390)[&map_age=1.170390]:9.813271)[&map_age=10.983661]:1.080360,(((t5:4.981661,(t20:3.841280,(t68:0.930310,t69:0.930310)[&map_age=0.930310]:2.910970)[&map_age=3.841280]:1.140380)[&map_age=4.981661]:0.840280,((t25:1.620540,(t32:0.660220,t54:0.660220)[&map_age=0.660220]:0.960320)[&map_age=1.620540]:3.301100,(t51:1.890630,t72:1.890630)[&map_age=1.890630]:3.031010)[&map_age=4.921641]:0.900300)[&map_age=5.821941]:0.840280,t1:6.662221)[&map_age=6.662221]:5.401801)[&map_age=12.064021]:5.161721)[&map_age=17.225742]:27.549183)[&map_age=44.774925]:6.872291,t10:51.647216)[&map_age=51.647216]:0.0;
